<testsuite name="Mocha Tests" tests="0" failures="0" errors="0" skip="0" timestamp="Tue, 13 Nov 2012 18:32:41 GMT" time="0">
</testsuite>
